  kinetic box: 117 of 2884 networks have no solvable fold state and carry no genericity result; reported, not screened


REFINED BRANCH  load_grid: 325 networks
  traced 325, trace failures 0
  max tr J on the branch: median -3.379e-01  p99 -2.807e-01  max -2.429e-01
  networks with tr J >= 0 anywhere: 0 of 325
  tr J at the LOW-BURDEN end: median -7.590e-01  max -3.058e-01  >= 0 in 0
  det J at the LOW-BURDEN end: min 1.981e-02  <= 0 in 0
  |G| on the projected branch: max 6.939e-17
  branch touches the window's u floor in 0, a floor in 325
  projection failures per network: max 0  total 0
  fold is NOT the j-maximum of the branch in 0 of 325 (ambiguous by multiplicity)
  low-burden end of the branch reaches the window FLOOR (near-zero burden) in 325 of 325; leaves through the CEILING (low-j part unseen) in 0


REFINED BRANCH  kinetic_box: 2767 networks
  traced 2766, trace failures 1
  max tr J on the branch: median -3.171e-01  p99 +4.835e-01  max +6.975e+00
  networks with tr J >= 0 anywhere: 108 of 2766
  tr J at the LOW-BURDEN end: median -1.104e+00  max +7.699e-01  >= 0 in 7
  det J at the LOW-BURDEN end: min 4.227e-09  <= 0 in 0
  |G| on the projected branch: max 2.424e-14
  branch touches the window's u floor in 63, a floor in 2412
  projection failures per network: max 0  total 0
  fold is NOT the j-maximum of the branch in 29 of 2766 (ambiguous by multiplicity)
  low-burden end of the branch reaches the window FLOOR (near-zero burden) in 2474 of 2766; leaves through the CEILING (low-j part unseen) in 176

  the 108 crossers, 104 of them on branches whose j-maximum is the fold:
    j_first_cross / j_crit: min 0.117  median 0.831  max 1.000
    det J at the first crossing: min 1.492e-06  median 4.092e-02  <= 0 in 0
    of these, branch left through the CEILING so the low-j part is unseen: 2 -- the crossing still precedes the fold, but where it begins is not determined

  INTEGRATION at the tr J maximum: 309 of 309 were exact equilibria and testable (104 crossers, 205 stable controls)
    crossers: left the linear neighbourhood in 102 of 104; grew >10x in 104; max |delta| ratio median 9851  max 9991
      horizon cap bound (too slow to observe in t=20000) in 4
    controls: left the linear neighbourhood in 0 of 205; grew >10x in 0; max |delta| ratio median 1  max 3.625
      horizon cap bound (too slow to observe in t=20000) in 84
    exponent vs max Re(lambda), 97 of 104 evaluable: median rel. diff 5.449e-03  p90 3.159e-02  within 5% in 90
      via late_half  n= 48  median 1.325e-02  within 5% in 41
      via peak       n= 49  median 2.916e-04  within 5% in 49
    oscillation period vs 2*pi/omega, 49 measurable: median rel. diff 9.912e-04  within 5% in 47
