This is pdfTeX, Version 3.14159265-2.6-1.40.21 (TeX Live 2020) (preloaded format=pdflatex 2026.3.14)  4 AUG 2026 17:59
entering extended mode
 restricted \write18 enabled.
 %&-line parsing enabled.
**/storage/kiran-stuff/proteostasis_law/proteostasis-law-theory/manuscript/bmb_
v4.tex

(/storage/kiran-stuff/proteostasis_law/proteostasis-law-theory/manuscript/bmb_v
4.tex
LaTeX2e <2020-10-01> patch level 4
L3 programming layer <2021-02-18> (/home/kiran/texmf/tex/latex/base/article.cls
Document Class: article 2020/04/10 v1.4m Standard LaTeX document class
(/home/kiran/texmf/tex/latex/base/size11.clo
File: size11.clo 2020/04/10 v1.4m Standard LaTeX file (size option)
)
\c@part=\count179
\c@section=\count180
\c@subsection=\count181
\c@subsubsection=\count182
\c@paragraph=\count183
\c@subparagraph=\count184
\c@figure=\count185
\c@table=\count186
\abovecaptionskip=\skip47
\belowcaptionskip=\skip48
\bibindent=\dimen138
)
(/home/kiran/texmf/tex/latex/geometry/geometry.sty
Package: geometry 2020/01/02 v5.9 Page Geometry

(/usr/share/texlive/texmf-dist/tex/latex/graphics/keyval.sty
Package: keyval 2014/10/28 v1.15 key=value parser (DPC)
\KV@toks@=\toks15
)
(/usr/share/texlive/texmf-dist/tex/generic/iftex/ifvtex.sty
Package: ifvtex 2019/10/25 v1.7 ifvtex legacy package. Use iftex instead.

(/usr/share/texlive/texmf-dist/tex/generic/iftex/iftex.sty
Package: iftex 2020/03/06 v1.0d TeX engine tests
))
\Gm@cnth=\count187
\Gm@cntv=\count188
\c@Gm@tempcnt=\count189
\Gm@bindingoffset=\dimen139
\Gm@wd@mp=\dimen140
\Gm@odd@mp=\dimen141
\Gm@even@mp=\dimen142
\Gm@layoutwidth=\dimen143
\Gm@layoutheight=\dimen144
\Gm@layouthoffset=\dimen145
\Gm@layoutvoffset=\dimen146
\Gm@dimlist=\toks16
)
(/home/kiran/texmf/tex/latex/base/fontenc.sty
Package: fontenc 2020/08/10 v2.0s Standard LaTeX package
)
(/home/kiran/texmf/tex/latex/base/inputenc.sty
Package: inputenc 2020/08/01 v1.3d Input encoding file
\inpenc@prehook=\toks17
\inpenc@posthook=\toks18
)
(/home/kiran/texmf/tex/latex/lm/lmodern.sty
Package: lmodern 2009/10/30 v1.6 Latin Modern Fonts
LaTeX Font Info:    Overwriting symbol font `operators' in version `normal'
(Font)                  OT1/cmr/m/n --> OT1/lmr/m/n on input line 22.
LaTeX Font Info:    Overwriting symbol font `letters' in version `normal'
(Font)                  OML/cmm/m/it --> OML/lmm/m/it on input line 23.
LaTeX Font Info:    Overwriting symbol font `symbols' in version `normal'
(Font)                  OMS/cmsy/m/n --> OMS/lmsy/m/n on input line 24.
LaTeX Font Info:    Overwriting symbol font `largesymbols' in version `normal'
(Font)                  OMX/cmex/m/n --> OMX/lmex/m/n on input line 25.
LaTeX Font Info:    Overwriting symbol font `operators' in version `bold'
(Font)                  OT1/cmr/bx/n --> OT1/lmr/bx/n on input line 26.
LaTeX Font Info:    Overwriting symbol font `letters' in version `bold'
(Font)                  OML/cmm/b/it --> OML/lmm/b/it on input line 27.
LaTeX Font Info:    Overwriting symbol font `symbols' in version `bold'
(Font)                  OMS/cmsy/b/n --> OMS/lmsy/b/n on input line 28.
LaTeX Font Info:    Overwriting symbol font `largesymbols' in version `bold'
(Font)                  OMX/cmex/m/n --> OMX/lmex/m/n on input line 29.
LaTeX Font Info:    Overwriting math alphabet `\mathbf' in version `normal'
(Font)                  OT1/cmr/bx/n --> OT1/lmr/bx/n on input line 31.
LaTeX Font Info:    Overwriting math alphabet `\mathsf' in version `normal'
(Font)                  OT1/cmss/m/n --> OT1/lmss/m/n on input line 32.
LaTeX Font Info:    Overwriting math alphabet `\mathit' in version `normal'
(Font)                  OT1/cmr/m/it --> OT1/lmr/m/it on input line 33.
LaTeX Font Info:    Overwriting math alphabet `\mathtt' in version `normal'
(Font)                  OT1/cmtt/m/n --> OT1/lmtt/m/n on input line 34.
LaTeX Font Info:    Overwriting math alphabet `\mathbf' in version `bold'
(Font)                  OT1/cmr/bx/n --> OT1/lmr/bx/n on input line 35.
LaTeX Font Info:    Overwriting math alphabet `\mathsf' in version `bold'
(Font)                  OT1/cmss/bx/n --> OT1/lmss/bx/n on input line 36.
LaTeX Font Info:    Overwriting math alphabet `\mathit' in version `bold'
(Font)                  OT1/cmr/bx/it --> OT1/lmr/bx/it on input line 37.
LaTeX Font Info:    Overwriting math alphabet `\mathtt' in version `bold'
(Font)                  OT1/cmtt/m/n --> OT1/lmtt/m/n on input line 38.
)
(/home/kiran/texmf/tex/latex/microtype/microtype.sty
Package: microtype 2021/03/14 v2.8c Micro-typographical refinements (RS)
\MT@toks=\toks19
\MT@count=\count190
LaTeX Info: Redefining \textls on input line 790.
\MT@outer@kern=\dimen147
LaTeX Info: Redefining \textmicrotypecontext on input line 1374.
\MT@listname@count=\count191

(/home/kiran/texmf/tex/latex/microtype/microtype-pdftex.def
File: microtype-pdftex.def 2021/03/14 v2.8c Definitions specific to pdftex (RS)

LaTeX Info: Redefining \lsstyle on input line 915.
LaTeX Info: Redefining \lslig on input line 915.
\MT@outer@space=\skip49
)
Package microtype Info: Loading configuration file microtype.cfg.

(/home/kiran/texmf/tex/latex/microtype/microtype.cfg
File: microtype.cfg 2021/03/14 v2.8c microtype main configuration file (RS)
))
(/usr/share/texlive/texmf-dist/tex/latex/amsmath/amsmath.sty
Package: amsmath 2020/09/23 v2.17i AMS math features
\@mathmargin=\skip50

For additional information on amsmath, use the `?' option.
(/usr/share/texlive/texmf-dist/tex/latex/amsmath/amstext.sty
Package: amstext 2000/06/29 v2.01 AMS text

(/usr/share/texlive/texmf-dist/tex/latex/amsmath/amsgen.sty
File: amsgen.sty 1999/11/30 v2.0 generic functions
\@emptytoks=\toks20
\ex@=\dimen148
))
(/usr/share/texlive/texmf-dist/tex/latex/amsmath/amsbsy.sty
Package: amsbsy 1999/11/29 v1.2d Bold Symbols
\pmbraise@=\dimen149
)
(/usr/share/texlive/texmf-dist/tex/latex/amsmath/amsopn.sty
Package: amsopn 2016/03/08 v2.02 operator names
)
\inf@bad=\count192
LaTeX Info: Redefining \frac on input line 234.
\uproot@=\count193
\leftroot@=\count194
LaTeX Info: Redefining \overline on input line 399.
\classnum@=\count195
\DOTSCASE@=\count196
LaTeX Info: Redefining \ldots on input line 496.
LaTeX Info: Redefining \dots on input line 499.
LaTeX Info: Redefining \cdots on input line 620.
\Mathstrutbox@=\box47
\strutbox@=\box48
\big@size=\dimen150
LaTeX Font Info:    Redeclaring font encoding OML on input line 743.
LaTeX Font Info:    Redeclaring font encoding OMS on input line 744.
\macc@depth=\count197
\c@MaxMatrixCols=\count198
\dotsspace@=\muskip16
\c@parentequation=\count199
\dspbrk@lvl=\count266
\tag@help=\toks21
\row@=\count267
\column@=\count268
\maxfields@=\count269
\andhelp@=\toks22
\eqnshift@=\dimen151
\alignsep@=\dimen152
\tagshift@=\dimen153
\tagwidth@=\dimen154
\totwidth@=\dimen155
\lineht@=\dimen156
\@envbody=\toks23
\multlinegap=\skip51
\multlinetaggap=\skip52
\mathdisplay@stack=\toks24
LaTeX Info: Redefining \[ on input line 2923.
LaTeX Info: Redefining \] on input line 2924.
)
(/usr/share/texlive/texmf-dist/tex/latex/amsfonts/amssymb.sty
Package: amssymb 2013/01/14 v3.01 AMS font symbols

(/usr/share/texlive/texmf-dist/tex/latex/amsfonts/amsfonts.sty
Package: amsfonts 2013/01/14 v3.01 Basic AMSFonts support
\symAMSa=\mathgroup4
\symAMSb=\mathgroup5
LaTeX Font Info:    Redeclaring math symbol \hbar on input line 98.
LaTeX Font Info:    Overwriting math alphabet `\mathfrak' in version `bold'
(Font)                  U/euf/m/n --> U/euf/b/n on input line 106.
))
(/usr/share/texlive/texmf-dist/tex/latex/graphics/graphicx.sty
Package: graphicx 2020/09/09 v1.2b Enhanced LaTeX Graphics (DPC,SPQR)

(/usr/share/texlive/texmf-dist/tex/latex/graphics/graphics.sty
Package: graphics 2020/08/30 v1.4c Standard LaTeX Graphics (DPC,SPQR)

(/usr/share/texlive/texmf-dist/tex/latex/graphics/trig.sty
Package: trig 2016/01/03 v1.10 sin cos tan (DPC)
)
(/usr/share/texlive/texmf-dist/tex/latex/graphics-cfg/graphics.cfg
File: graphics.cfg 2016/06/04 v1.11 sample graphics configuration
)
Package graphics Info: Driver file: pdftex.def on input line 105.

(/usr/share/texlive/texmf-dist/tex/latex/graphics-def/pdftex.def
File: pdftex.def 2020/10/05 v1.2a Graphics/color driver for pdftex
))
\Gin@req@height=\dimen157
\Gin@req@width=\dimen158
)
(/home/kiran/texmf/tex/latex/adjustbox/adjustbox.sty
Package: adjustbox 2020/08/19 v1.3 Adjusting TeX boxes (trim, clip, ...)

(/home/kiran/texmf/tex/latex/xkeyval/xkeyval.sty
Package: xkeyval 2020/11/20 v2.8 package option processing (HA)

(/home/kiran/texmf/tex/generic/xkeyval/xkeyval.tex
(/home/kiran/texmf/tex/generic/xkeyval/xkvutils.tex
\XKV@toks=\toks25
\XKV@tempa@toks=\toks26
)
\XKV@depth=\count270
File: xkeyval.tex 2014/12/03 v2.7a key=value parser (HA)
))
(/home/kiran/texmf/tex/latex/adjustbox/adjcalc.sty
Package: adjcalc 2012/05/16 v1.1 Provides advanced setlength with multiple back
-ends (calc, etex, pgfmath)
)
(/home/kiran/texmf/tex/latex/adjustbox/trimclip.sty
Package: trimclip 2020/08/19 v1.2 Trim and clip general TeX material

(/home/kiran/texmf/tex/latex/collectbox/collectbox.sty
Package: collectbox 2012/05/17 v0.4b Collect macro arguments as boxes
\collectedbox=\box49
)
\tc@llx=\dimen159
\tc@lly=\dimen160
\tc@urx=\dimen161
\tc@ury=\dimen162
Package trimclip Info: Using driver 'tc-pdftex.def'.

(/home/kiran/texmf/tex/latex/adjustbox/tc-pdftex.def
File: tc-pdftex.def 2019/01/04 v2.2 Clipping driver for pdftex
))
\adjbox@Width=\dimen163
\adjbox@Height=\dimen164
\adjbox@Depth=\dimen165
\adjbox@Totalheight=\dimen166
\adjbox@pwidth=\dimen167
\adjbox@pheight=\dimen168
\adjbox@pdepth=\dimen169
\adjbox@ptotalheight=\dimen170

(/home/kiran/texmf/tex/latex/ifoddpage/ifoddpage.sty
Package: ifoddpage 2016/04/23 v1.1 Conditionals for odd/even page detection
\c@checkoddpage=\count271
)
(/home/kiran/texmf/tex/latex/varwidth/varwidth.sty
Package: varwidth 2009/03/30 ver 0.92;  Variable-width minipages
\@vwid@box=\box50
\sift@deathcycles=\count272
\@vwid@loff=\dimen171
\@vwid@roff=\dimen172
))
(/home/kiran/texmf/tex/latex/booktabs/booktabs.sty
Package: booktabs 2020/01/12 v1.61803398 Publication quality tables
\heavyrulewidth=\dimen173
\lightrulewidth=\dimen174
\cmidrulewidth=\dimen175
\belowrulesep=\dimen176
\belowbottomsep=\dimen177
\aboverulesep=\dimen178
\abovetopsep=\dimen179
\cmidrulesep=\dimen180
\cmidrulekern=\dimen181
\defaultaddspace=\dimen182
\@cmidla=\count273
\@cmidlb=\count274
\@aboverulesep=\dimen183
\@belowrulesep=\dimen184
\@thisruleclass=\count275
\@lastruleclass=\count276
\@thisrulewidth=\dimen185
)
(/usr/share/texlive/texmf-dist/tex/latex/tools/longtable.sty
Package: longtable 2020/01/07 v4.13 Multi-page Table package (DPC)
\LTleft=\skip53
\LTright=\skip54
\LTpre=\skip55
\LTpost=\skip56
\LTchunksize=\count277
\LTcapwidth=\dimen186
\LT@head=\box51
\LT@firsthead=\box52
\LT@foot=\box53
\LT@lastfoot=\box54
\LT@cols=\count278
\LT@rows=\count279
\c@LT@tables=\count280
\c@LT@chunks=\count281
\LT@p@ftn=\toks27
)
(/usr/share/texlive/texmf-dist/tex/latex/tools/array.sty
Package: array 2020/10/01 v2.5c Tabular extension package (FMi)
\col@sep=\dimen187
\ar@mcellbox=\box55
\extrarowheight=\dimen188
\NC@list=\toks28
\extratabsurround=\skip57
\backup@length=\skip58
\ar@cellbox=\box56
)
(/home/kiran/texmf/tex/latex/base/textcomp.sty
Package: textcomp 2020/02/02 v2.0n Standard LaTeX package
)
(/home/kiran/texmf/tex/latex/newunicodechar/newunicodechar.sty
Package: newunicodechar 2018/04/08 v1.2 Defining Unicode characters
)
(/usr/share/texlive/texmf-dist/tex/latex/hyperref/hyperref.sty
Package: hyperref 2021-02-27 v7.00k Hypertext links for LaTeX

(/usr/share/texlive/texmf-dist/tex/generic/ltxcmds/ltxcmds.sty
Package: ltxcmds 2020-05-10 v1.25 LaTeX kernel commands for general use (HO)
)
(/home/kiran/texmf/tex/generic/pdftexcmds/pdftexcmds.sty
Package: pdftexcmds 2020-06-27 v0.33 Utility functions of pdfTeX for LuaTeX (HO
)

(/home/kiran/texmf/tex/generic/infwarerr/infwarerr.sty
Package: infwarerr 2019/12/03 v1.5 Providing info/warning/error messages (HO)
)
Package pdftexcmds Info: \pdf@primitive is available.
Package pdftexcmds Info: \pdf@ifprimitive is available.
Package pdftexcmds Info: \pdfdraftmode found.
)
(/usr/share/texlive/texmf-dist/tex/generic/kvsetkeys/kvsetkeys.sty
Package: kvsetkeys 2019/12/15 v1.18 Key value parser (HO)
)
(/usr/share/texlive/texmf-dist/tex/generic/kvdefinekeys/kvdefinekeys.sty
Package: kvdefinekeys 2019-12-19 v1.6 Define keys (HO)
)
(/usr/share/texlive/texmf-dist/tex/generic/pdfescape/pdfescape.sty
Package: pdfescape 2019/12/09 v1.15 Implements pdfTeX's escape features (HO)
)
(/usr/share/texlive/texmf-dist/tex/latex/hycolor/hycolor.sty
Package: hycolor 2020-01-27 v1.10 Color options for hyperref/bookmark (HO)
)
(/usr/share/texlive/texmf-dist/tex/latex/letltxmacro/letltxmacro.sty
Package: letltxmacro 2019/12/03 v1.6 Let assignment for LaTeX macros (HO)
)
(/usr/share/texlive/texmf-dist/tex/latex/auxhook/auxhook.sty
Package: auxhook 2019-12-17 v1.6 Hooks for auxiliary files (HO)
)
(/usr/share/texlive/texmf-dist/tex/latex/kvoptions/kvoptions.sty
Package: kvoptions 2020-10-07 v3.14 Key value format for package options (HO)
)
\@linkdim=\dimen189
\Hy@linkcounter=\count282
\Hy@pagecounter=\count283

(/usr/share/texlive/texmf-dist/tex/latex/hyperref/pd1enc.def
File: pd1enc.def 2021-02-27 v7.00k Hyperref: PDFDocEncoding definition (HO)
Now handling font encoding PD1 ...
... no UTF-8 mapping file for font encoding PD1
)
(/usr/share/texlive/texmf-dist/tex/latex/hyperref/hyperref-langpatches.def
File: hyperref-langpatches.def 2021-02-27 v7.00k Hyperref: patches for babel la
nguages
)
(/usr/share/texlive/texmf-dist/tex/generic/intcalc/intcalc.sty
Package: intcalc 2019/12/15 v1.3 Expandable calculations with integers (HO)
)
(/usr/share/texlive/texmf-dist/tex/generic/etexcmds/etexcmds.sty
Package: etexcmds 2019/12/15 v1.7 Avoid name clashes with e-TeX commands (HO)
)
\Hy@SavedSpaceFactor=\count284

(/usr/share/texlive/texmf-dist/tex/latex/hyperref/puenc.def
File: puenc.def 2021-02-27 v7.00k Hyperref: PDF Unicode definition (HO)
Now handling font encoding PU ...
... no UTF-8 mapping file for font encoding PU
)
Package hyperref Info: Hyper figures OFF on input line 4192.
Package hyperref Info: Link nesting OFF on input line 4197.
Package hyperref Info: Hyper index ON on input line 4200.
Package hyperref Info: Plain pages OFF on input line 4207.
Package hyperref Info: Backreferencing OFF on input line 4212.
Package hyperref Info: Implicit mode ON; LaTeX internals redefined.
Package hyperref Info: Bookmarks ON on input line 4445.
\c@Hy@tempcnt=\count285

(/usr/share/texlive/texmf-dist/tex/latex/url/url.sty
\Urlmuskip=\muskip17
Package: url 2013/09/16  ver 3.4  Verb mode for urls, etc.
)
LaTeX Info: Redefining \url on input line 4804.
\XeTeXLinkMargin=\dimen190

(/usr/share/texlive/texmf-dist/tex/generic/bitset/bitset.sty
Package: bitset 2019/12/09 v1.3 Handle bit-vector datatype (HO)

(/usr/share/texlive/texmf-dist/tex/generic/bigintcalc/bigintcalc.sty
Package: bigintcalc 2019/12/15 v1.5 Expandable calculations on big integers (HO
)
))
\Fld@menulength=\count286
\Field@Width=\dimen191
\Fld@charsize=\dimen192
Package hyperref Info: Hyper figures OFF on input line 6075.
Package hyperref Info: Link nesting OFF on input line 6080.
Package hyperref Info: Hyper index ON on input line 6083.
Package hyperref Info: backreferencing OFF on input line 6090.
Package hyperref Info: Link coloring OFF on input line 6095.
Package hyperref Info: Link coloring with OCG OFF on input line 6100.
Package hyperref Info: PDF/A mode OFF on input line 6105.
LaTeX Info: Redefining \ref on input line 6145.
LaTeX Info: Redefining \pageref on input line 6149.

(/home/kiran/texmf/tex/latex/base/atbegshi-ltx.sty
Package: atbegshi-ltx 2020/08/17 v1.0a Emulation of the original atbegshi packa
ge
with kernel methods
)
\Hy@abspage=\count287
\c@Item=\count288
\c@Hfootnote=\count289
)
Package hyperref Info: Driver (autodetected): hpdftex.

(/usr/share/texlive/texmf-dist/tex/latex/hyperref/hpdftex.def
File: hpdftex.def 2021-02-27 v7.00k Hyperref driver for pdfTeX

(/home/kiran/texmf/tex/latex/base/atveryend-ltx.sty
Package: atveryend-ltx 2020/08/19 v1.0a Emulation of the original atvery packag
e
with kernel methods
)
\Fld@listcount=\count290
\c@bookmark@seq@number=\count291

(/usr/share/texlive/texmf-dist/tex/latex/rerunfilecheck/rerunfilecheck.sty
Package: rerunfilecheck 2019/12/05 v1.9 Rerun checks for auxiliary files (HO)

(/usr/share/texlive/texmf-dist/tex/generic/uniquecounter/uniquecounter.sty
Package: uniquecounter 2019/12/15 v1.4 Provide unlimited unique counter (HO)
)
Package uniquecounter Info: New unique counter `rerunfilecheck' on input line 2
86.
)
\Hy@SectionHShift=\skip59
)
(/home/kiran/texmf/tex/latex/caption/caption.sty
Package: caption 2020/10/26 v3.5g Customizing captions (AR)

(/home/kiran/texmf/tex/latex/caption/caption3.sty
Package: caption3 2020/10/21 v2.2e caption3 kernel (AR)
\captionmargin=\dimen193
\captionmargin@=\dimen194
\captionwidth=\dimen195
\caption@tempdima=\dimen196
\caption@indent=\dimen197
\caption@parindent=\dimen198
\caption@hangindent=\dimen199
Package caption Info: Standard document class detected.
)
\c@caption@flags=\count292
\c@continuedfloat=\count293
Package caption Info: hyperref package is loaded.
Package caption Info: longtable package is loaded.

(/home/kiran/texmf/tex/latex/caption/ltcaption.sty
Package: ltcaption 2020/05/30 v1.4b longtable captions (AR)
))
(/home/kiran/texmf/tex/latex/parskip/parskip.sty
Package: parskip 2021-03-14 v2.0h non-zero parskip adjustments

(/home/kiran/texmf/tex/latex/etoolbox/etoolbox.sty
Package: etoolbox 2020/10/05 v2.5k e-TeX tools for LaTeX (JAW)
\etb@tempcnta=\count294
))

Package newunicodechar Warning: Redefining Unicode character on input line 34.


Package newunicodechar Warning: Redefining Unicode character on input line 35.


Package newunicodechar Warning: Redefining Unicode character on input line 36.


Package newunicodechar Warning: Redefining Unicode character on input line 37.


Package newunicodechar Warning: Redefining Unicode character on input line 38.


Package newunicodechar Warning: Redefining Unicode character on input line 39.


Package newunicodechar Warning: Redefining Unicode character on input line 40.


Package newunicodechar Warning: Redefining Unicode character on input line 41.


Package newunicodechar Warning: Redefining Unicode character on input line 42.


Package newunicodechar Warning: Redefining Unicode character on input line 51.


Package newunicodechar Warning: Redefining Unicode character on input line 52.


Package newunicodechar Warning: Redefining Unicode character on input line 60.

LaTeX Font Info:    Trying to load font information for T1+lmr on input line 75
.
(/home/kiran/texmf/tex/latex/lm/t1lmr.fd
File: t1lmr.fd 2009/10/30 v1.6 Font defs for Latin Modern
)
(/home/kiran/texmf/tex/latex/l3backend/l3backend-pdftex.def
File: l3backend-pdftex.def 2021-03-18 L3 backend support: PDF output (pdfTeX)
\l__color_backend_stack_int=\count295
\l__pdf_internal_box=\box57
)
(/storage/kiran-stuff/proteostasis_law/proteostasis-law-theory/manuscript/bmb_v
4.aux)
\openout1 = `bmb_v4.aux'.

LaTeX Font Info:    Checking defaults for OML/cmm/m/it on input line 75.
LaTeX Font Info:    ... okay on input line 75.
LaTeX Font Info:    Checking defaults for OMS/cmsy/m/n on input line 75.
LaTeX Font Info:    ... okay on input line 75.
LaTeX Font Info:    Checking defaults for OT1/cmr/m/n on input line 75.
LaTeX Font Info:    ... okay on input line 75.
LaTeX Font Info:    Checking defaults for T1/cmr/m/n on input line 75.
LaTeX Font Info:    ... okay on input line 75.
LaTeX Font Info:    Checking defaults for TS1/cmr/m/n on input line 75.
LaTeX Font Info:    ... okay on input line 75.
LaTeX Font Info:    Checking defaults for OMX/cmex/m/n on input line 75.
LaTeX Font Info:    ... okay on input line 75.
LaTeX Font Info:    Checking defaults for U/cmr/m/n on input line 75.
LaTeX Font Info:    ... okay on input line 75.
LaTeX Font Info:    Checking defaults for PD1/pdf/m/n on input line 75.
LaTeX Font Info:    ... okay on input line 75.
LaTeX Font Info:    Checking defaults for PU/pdf/m/n on input line 75.
LaTeX Font Info:    ... okay on input line 75.

*geometry* driver: auto-detecting
*geometry* detected driver: pdftex
*geometry* verbose mode - [ preamble ] result:
* driver: pdftex
* paper: a4paper
* layout: <same size as paper>
* layoutoffset:(h,v)=(0.0pt,0.0pt)
* modes: 
* h-part:(L,W,R)=(71.13188pt, 455.24411pt, 71.13188pt)
* v-part:(T,H,B)=(71.13188pt, 702.78308pt, 71.13188pt)
* \paperwidth=597.50787pt
* \paperheight=845.04684pt
* \textwidth=455.24411pt
* \textheight=702.78308pt
* \oddsidemargin=-1.1381pt
* \evensidemargin=-1.1381pt
* \topmargin=-38.1381pt
* \headheight=12.0pt
* \headsep=25.0pt
* \topskip=11.0pt
* \footskip=30.0pt
* \marginparwidth=50.0pt
* \marginparsep=10.0pt
* \columnsep=10.0pt
* \skip\footins=10.0pt plus 4.0pt minus 2.0pt
* \hoffset=0.0pt
* \voffset=0.0pt
* \mag=1000
* \@twocolumnfalse
* \@twosidefalse
* \@mparswitchfalse
* \@reversemarginfalse
* (1in=72.27pt=25.4mm, 1cm=28.453pt)

LaTeX Info: Redefining \microtypecontext on input line 75.
Package microtype Info: Generating PDF output.
Package microtype Info: Character protrusion enabled (level 2).
Package microtype Info: Using default protrusion set `alltext'.
Package microtype Info: Automatic font expansion enabled (level 2),
(microtype)             stretch: 20, shrink: 20, step: 1, non-selected.
Package microtype Info: Using default expansion set `alltext-nott'.
LaTeX Info: Redefining \showhyphens on input line 75.
Package microtype Info: No adjustment of tracking.
Package microtype Info: No adjustment of interword spacing.
Package microtype Info: No adjustment of character kerning.
(/home/kiran/texmf/tex/latex/microtype/mt-cmr.cfg
File: mt-cmr.cfg 2013/05/19 v2.2 microtype config. file: Computer Modern Roman 
(RS)
)
(/home/kiran/texmf/tex/latex/epstopdf-pkg/epstopdf-base.sty
Package: epstopdf-base 2020-01-24 v2.11 Base part for package epstopdf
Package epstopdf-base Info: Redefining graphics rule for `.eps' on input line 4
85.

(/home/kiran/texmf/tex/latex/latexconfig/epstopdf-sys.cfg
File: epstopdf-sys.cfg 2010/07/13 v1.3 Configuration of (r)epstopdf for TeX Liv
e
))
Package hyperref Info: Link coloring OFF on input line 75.

(/usr/share/texlive/texmf-dist/tex/latex/hyperref/nameref.sty
Package: nameref 2021-04-02 v2.47 Cross-referencing by name of section

(/usr/share/texlive/texmf-dist/tex/latex/refcount/refcount.sty
Package: refcount 2019/12/15 v3.6 Data extraction from label references (HO)
)
(/usr/share/texlive/texmf-dist/tex/generic/gettitlestring/gettitlestring.sty
Package: gettitlestring 2019/12/15 v1.6 Cleanup title references (HO)
)
\c@section@level=\count296
)
LaTeX Info: Redefining \ref on input line 75.
LaTeX Info: Redefining \pageref on input line 75.
LaTeX Info: Redefining \nameref on input line 75.

(/storage/kiran-stuff/proteostasis_law/proteostasis-law-theory/manuscript/bmb_v
4.out)
(/storage/kiran-stuff/proteostasis_law/proteostasis-law-theory/manuscript/bmb_v
4.out)
\@outlinefile=\write3
\openout3 = `bmb_v4.out'.

Package caption Info: Begin \AtBeginDocument code.
Package caption Info: End \AtBeginDocument code.
LaTeX Font Info:    Trying to load font information for OT1+lmr on input line 7
7.
 (/home/kiran/texmf/tex/latex/lm/ot1lmr.fd
File: ot1lmr.fd 2009/10/30 v1.6 Font defs for Latin Modern
)
LaTeX Font Info:    Trying to load font information for OML+lmm on input line 7
7.

(/home/kiran/texmf/tex/latex/lm/omllmm.fd
File: omllmm.fd 2009/10/30 v1.6 Font defs for Latin Modern
)
LaTeX Font Info:    Trying to load font information for OMS+lmsy on input line 
77.

(/home/kiran/texmf/tex/latex/lm/omslmsy.fd
File: omslmsy.fd 2009/10/30 v1.6 Font defs for Latin Modern
)
LaTeX Font Info:    Trying to load font information for OMX+lmex on input line 
77.

(/home/kiran/texmf/tex/latex/lm/omxlmex.fd
File: omxlmex.fd 2009/10/30 v1.6 Font defs for Latin Modern
)
LaTeX Font Info:    External font `lmex10' loaded for size
(Font)              <12> on input line 77.
LaTeX Font Info:    External font `lmex10' loaded for size
(Font)              <8> on input line 77.
LaTeX Font Info:    External font `lmex10' loaded for size
(Font)              <6> on input line 77.
LaTeX Font Info:    Trying to load font information for U+msa on input line 77.


(/usr/share/texlive/texmf-dist/tex/latex/amsfonts/umsa.fd
File: umsa.fd 2013/01/14 v3.01 AMS symbols A
)
(/home/kiran/texmf/tex/latex/microtype/mt-msa.cfg
File: mt-msa.cfg 2006/02/04 v1.1 microtype config. file: AMS symbols (a) (RS)
)
LaTeX Font Info:    Trying to load font information for U+msb on input line 77.


(/usr/share/texlive/texmf-dist/tex/latex/amsfonts/umsb.fd
File: umsb.fd 2013/01/14 v3.01 AMS symbols B
)
(/home/kiran/texmf/tex/latex/microtype/mt-msb.cfg
File: mt-msb.cfg 2005/06/01 v1.0 microtype config. file: AMS symbols (b) (RS)
)
LaTeX Font Info:    Trying to load font information for T1+lmtt on input line 7
7.

(/home/kiran/texmf/tex/latex/lm/t1lmtt.fd
File: t1lmtt.fd 2009/10/30 v1.6 Font defs for Latin Modern
)
Package microtype Info: Loading generic protrusion settings for font family
(microtype)             `lmtt' (encoding: T1).
(microtype)             For optimal results, create family-specific settings.
(microtype)             See the microtype manual for details.
LaTeX Font Info:    External font `lmex10' loaded for size
(Font)              <10.95> on input line 92.
 [1

{/home/kiran/.texlive2020/texmf-var/fonts/map/pdftex/updmap/pdftex.map

pdfTeX warning: pdflatex (file /home/kiran/.texlive2020/texmf-var/fonts/map/pdf
tex/updmap/pdftex.map): fontmap entry for `cob' already exists, duplicates igno
red


pdfTeX warning: pdflatex (file /home/kiran/.texlive2020/texmf-var/fonts/map/pdf
tex/updmap/pdftex.map): fontmap entry for `cobo' already exists, duplicates ign
ored


pdfTeX warning: pdflatex (file /home/kiran/.texlive2020/texmf-var/fonts/map/pdf
tex/updmap/pdftex.map): fontmap entry for `com' already exists, duplicates igno
red


pdfTeX warning: pdflatex (file /home/kiran/.texlive2020/texmf-var/fonts/map/pdf
tex/updmap/pdftex.map): fontmap entry for `coo' already exists, duplicates igno
red


pdfTeX warning: pdflatex (file /home/kiran/.texlive2020/texmf-var/fonts/map/pdf
tex/updmap/pdftex.map): fontmap entry for `hv' already exists, duplicates ignor
ed


pdfTeX warning: pdflatex (file /home/kiran/.texlive2020/texmf-var/fonts/map/pdf
tex/updmap/pdftex.map): fontmap entry for `hvb' already exists, duplicates igno
red


pdfTeX warning: pdflatex (file /home/kiran/.texlive2020/texmf-var/fonts/map/pdf
tex/updmap/pdftex.map): fontmap entry for `hvbo' already exists, duplicates ign
ored


pdfTeX warning: pdflatex (file /home/kiran/.texlive2020/texmf-var/fonts/map/pdf
tex/updmap/pdftex.map): fontmap entry for `hvo' already exists, duplicates igno
red


pdfTeX warning: pdflatex (file /home/kiran/.texlive2020/texmf-var/fonts/map/pdf
tex/updmap/pdftex.map): fontmap entry for `pcrb8g' already exists, duplicates i
gnored


pdfTeX warning: pdflatex (file /home/kiran/.texlive2020/texmf-var/fonts/map/pdf
tex/updmap/pdftex.map): fontmap entry for `pcrb8r' already exists, duplicates i
gnored


pdfTeX warning: pdflatex (file /home/kiran/.texlive2020/texmf-var/fonts/map/pdf
tex/updmap/pdftex.map): fontmap entry for `pcrb8u' already exists, duplicates i
gnored


pdfTeX warning: pdflatex (file /home/kiran/.texlive2020/texmf-var/fonts/map/pdf
tex/updmap/pdftex.map): fontmap entry for `pcrb8y' already exists, duplicates i
gnored


pdfTeX warning: pdflatex (file /home/kiran/.texlive2020/texmf-var/fonts/map/pdf
tex/updmap/pdftex.map): fontmap entry for `pcrbo8g' already exists, duplicates 
ignored


pdfTeX warning: pdflatex (file /home/kiran/.texlive2020/texmf-var/fonts/map/pdf
tex/updmap/pdftex.map): fontmap entry for `pcrbo8r' already exists, duplicates 
ignored


pdfTeX warning: pdflatex (file /home/kiran/.texlive2020/texmf-var/fonts/map/pdf
tex/updmap/pdftex.map): fontmap entry for `pcrbo8u' already exists, duplicates 
ignored


pdfTeX warning: pdflatex (file /home/kiran/.texlive2020/texmf-var/fonts/map/pdf
tex/updmap/pdftex.map): fontmap entry for `pcrbo8y' already exists, duplicates 
ignored


pdfTeX warning: pdflatex (file /home/kiran/.texlive2020/texmf-var/fonts/map/pdf
tex/updmap/pdftex.map): fontmap entry for `pcrr8g' already exists, duplicates i
gnored


pdfTeX warning: pdflatex (file /home/kiran/.texlive2020/texmf-var/fonts/map/pdf
tex/updmap/pdftex.map): fontmap entry for `pcrr8r' already exists, duplicates i
gnored


pdfTeX warning: pdflatex (file /home/kiran/.texlive2020/texmf-var/fonts/map/pdf
tex/updmap/pdftex.map): invalid entry for `pcrr8rn': SlantFont/ExtendFont can b
e used only with embedded Type1 fonts


pdfTeX warning: pdflatex (file /home/kiran/.texlive2020/texmf-var/fonts/map/pdf
tex/updmap/pdftex.map): fontmap entry for `pcrr8u' already exists, duplicates i
gnored


pdfTeX warning: pdflatex (file /home/kiran/.texlive2020/texmf-var/fonts/map/pdf
tex/updmap/pdftex.map): fontmap entry for `pcrr8y' already exists, duplicates i
gnored


pdfTeX warning: pdflatex (file /home/kiran/.texlive2020/texmf-var/fonts/map/pdf
tex/updmap/pdftex.map): fontmap entry for `pcrro8g' already exists, duplicates 
ignored


pdfTeX warning: pdflatex (file /home/kiran/.texlive2020/texmf-var/fonts/map/pdf
tex/updmap/pdftex.map): fontmap entry for `pcrro8r' already exists, duplicates 
ignored


pdfTeX warning: pdflatex (file /home/kiran/.texlive2020/texmf-var/fonts/map/pdf
tex/updmap/pdftex.map): fontmap entry for `pcrro8u' already exists, duplicates 
ignored


pdfTeX warning: pdflatex (file /home/kiran/.texlive2020/texmf-var/fonts/map/pdf
tex/updmap/pdftex.map): fontmap entry for `pcrro8y' already exists, duplicates 
ignored


pdfTeX warning: pdflatex (file /home/kiran/.texlive2020/texmf-var/fonts/map/pdf
tex/updmap/pdftex.map): fontmap entry for `phvb8g' already exists, duplicates i
gnored


pdfTeX warning: pdflatex (file /home/kiran/.texlive2020/texmf-var/fonts/map/pdf
tex/updmap/pdftex.map): fontmap entry for `phvb8r' already exists, duplicates i
gnored


pdfTeX warning: pdflatex (file /home/kiran/.texlive2020/texmf-var/fonts/map/pdf
tex/updmap/pdftex.map): fontmap entry for `phvb8y' already exists, duplicates i
gnored


pdfTeX warning: pdflatex (file /home/kiran/.texlive2020/texmf-var/fonts/map/pdf
tex/updmap/pdftex.map): fontmap entry for `phvb8z' already exists, duplicates i
gnored


pdfTeX warning: pdflatex (file /home/kiran/.texlive2020/texmf-var/fonts/map/pdf
tex/updmap/pdftex.map): fontmap entry for `phvbo8g' already exists, duplicates 
ignored


pdfTeX warning: pdflatex (file /home/kiran/.texlive2020/texmf-var/fonts/map/pdf
tex/updmap/pdftex.map): fontmap entry for `phvbo8r' already exists, duplicates 
ignored


pdfTeX warning: pdflatex (file /home/kiran/.texlive2020/texmf-var/fonts/map/pdf
tex/updmap/pdftex.map): fontmap entry for `phvbo8y' already exists, duplicates 
ignored


pdfTeX warning: pdflatex (file /home/kiran/.texlive2020/texmf-var/fonts/map/pdf
tex/updmap/pdftex.map): fontmap entry for `phvbo8z' already exists, duplicates 
ignored


pdfTeX warning: pdflatex (file /home/kiran/.texlive2020/texmf-var/fonts/map/pdf
tex/updmap/pdftex.map): fontmap entry for `phvr8g' already exists, duplicates i
gnored


pdfTeX warning: pdflatex (file /home/kiran/.texlive2020/texmf-var/fonts/map/pdf
tex/updmap/pdftex.map): fontmap entry for `phvr8r' already exists, duplicates i
gnored


pdfTeX warning: pdflatex (file /home/kiran/.texlive2020/texmf-var/fonts/map/pdf
tex/updmap/pdftex.map): fontmap entry for `phvr8y' already exists, duplicates i
gnored


pdfTeX warning: pdflatex (file /home/kiran/.texlive2020/texmf-var/fonts/map/pdf
tex/updmap/pdftex.map): fontmap entry for `phvr8z' already exists, duplicates i
gnored


pdfTeX warning: pdflatex (file /home/kiran/.texlive2020/texmf-var/fonts/map/pdf
tex/updmap/pdftex.map): fontmap entry for `phvro8g' already exists, duplicates 
ignored


pdfTeX warning: pdflatex (file /home/kiran/.texlive2020/texmf-var/fonts/map/pdf
tex/updmap/pdftex.map): fontmap entry for `phvro8r' already exists, duplicates 
ignored


pdfTeX warning: pdflatex (file /home/kiran/.texlive2020/texmf-var/fonts/map/pdf
tex/updmap/pdftex.map): fontmap entry for `phvro8y' already exists, duplicates 
ignored


pdfTeX warning: pdflatex (file /home/kiran/.texlive2020/texmf-var/fonts/map/pdf
tex/updmap/pdftex.map): fontmap entry for `phvro8z' already exists, duplicates 
ignored


pdfTeX warning: pdflatex (file /home/kiran/.texlive2020/texmf-var/fonts/map/pdf
tex/updmap/pdftex.map): fontmap entry for `pncr8g' already exists, duplicates i
gnored


pdfTeX warning: pdflatex (file /home/kiran/.texlive2020/texmf-var/fonts/map/pdf
tex/updmap/pdftex.map): fontmap entry for `pncr8z' already exists, duplicates i
gnored


pdfTeX warning: pdflatex (file /home/kiran/.texlive2020/texmf-var/fonts/map/pdf
tex/updmap/pdftex.map): fontmap entry for `pncri8g' already exists, duplicates 
ignored


pdfTeX warning: pdflatex (file /home/kiran/.texlive2020/texmf-var/fonts/map/pdf
tex/updmap/pdftex.map): fontmap entry for `pncri8z' already exists, duplicates 
ignored


pdfTeX warning: pdflatex (file /home/kiran/.texlive2020/texmf-var/fonts/map/pdf
tex/updmap/pdftex.map): fontmap entry for `psyr' already exists, duplicates ign
ored


pdfTeX warning: pdflatex (file /home/kiran/.texlive2020/texmf-var/fonts/map/pdf
tex/updmap/pdftex.map): fontmap entry for `psyrgo' already exists, duplicates i
gnored


pdfTeX warning: pdflatex (file /home/kiran/.texlive2020/texmf-var/fonts/map/pdf
tex/updmap/pdftex.map): invalid entry for `psyro': SlantFont/ExtendFont can be 
used only with embedded Type1 fonts


pdfTeX warning: pdflatex (file /home/kiran/.texlive2020/texmf-var/fonts/map/pdf
tex/updmap/pdftex.map): fontmap entry for `ptmb8g' already exists, duplicates i
gnored


pdfTeX warning: pdflatex (file /home/kiran/.texlive2020/texmf-var/fonts/map/pdf
tex/updmap/pdftex.map): fontmap entry for `ptmb8r' already exists, duplicates i
gnored


pdfTeX warning: pdflatex (file /home/kiran/.texlive2020/texmf-var/fonts/map/pdf
tex/updmap/pdftex.map): fontmap entry for `ptmb8y' already exists, duplicates i
gnored


pdfTeX warning: pdflatex (file /home/kiran/.texlive2020/texmf-var/fonts/map/pdf
tex/updmap/pdftex.map): fontmap entry for `ptmb8z' already exists, duplicates i
gnored


pdfTeX warning: pdflatex (file /home/kiran/.texlive2020/texmf-var/fonts/map/pdf
tex/updmap/pdftex.map): fontmap entry for `ptmbi8g' already exists, duplicates 
ignored


pdfTeX warning: pdflatex (file /home/kiran/.texlive2020/texmf-var/fonts/map/pdf
tex/updmap/pdftex.map): fontmap entry for `ptmbi8r' already exists, duplicates 
ignored


pdfTeX warning: pdflatex (file /home/kiran/.texlive2020/texmf-var/fonts/map/pdf
tex/updmap/pdftex.map): fontmap entry for `ptmbi8y' already exists, duplicates 
ignored


pdfTeX warning: pdflatex (file /home/kiran/.texlive2020/texmf-var/fonts/map/pdf
tex/updmap/pdftex.map): fontmap entry for `ptmbi8z' already exists, duplicates 
ignored


pdfTeX warning: pdflatex (file /home/kiran/.texlive2020/texmf-var/fonts/map/pdf
tex/updmap/pdftex.map): invalid entry for `ptmbo8r': SlantFont/ExtendFont can b
e used only with embedded Type1 fonts


pdfTeX warning: pdflatex (file /home/kiran/.texlive2020/texmf-var/fonts/map/pdf
tex/updmap/pdftex.map): invalid entry for `ptmbo8y': SlantFont/ExtendFont can b
e used only with embedded Type1 fonts


pdfTeX warning: pdflatex (file /home/kiran/.texlive2020/texmf-var/fonts/map/pdf
tex/updmap/pdftex.map): fontmap entry for `ptmr8g' already exists, duplicates i
gnored


pdfTeX warning: pdflatex (file /home/kiran/.texlive2020/texmf-var/fonts/map/pdf
tex/updmap/pdftex.map): fontmap entry for `ptmr8r' already exists, duplicates i
gnored


pdfTeX warning: pdflatex (file /home/kiran/.texlive2020/texmf-var/fonts/map/pdf
tex/updmap/pdftex.map): invalid entry for `ptmr8rn': SlantFont/ExtendFont can b
e used only with embedded Type1 fonts


pdfTeX warning: pdflatex (file /home/kiran/.texlive2020/texmf-var/fonts/map/pdf
tex/updmap/pdftex.map): fontmap entry for `ptmr8y' already exists, duplicates i
gnored


pdfTeX warning: pdflatex (file /home/kiran/.texlive2020/texmf-var/fonts/map/pdf
tex/updmap/pdftex.map): invalid entry for `ptmr8yn': SlantFont/ExtendFont can b
e used only with embedded Type1 fonts


pdfTeX warning: pdflatex (file /home/kiran/.texlive2020/texmf-var/fonts/map/pdf
tex/updmap/pdftex.map): fontmap entry for `ptmr8z' already exists, duplicates i
gnored


pdfTeX warning: pdflatex (file /home/kiran/.texlive2020/texmf-var/fonts/map/pdf
tex/updmap/pdftex.map): fontmap entry for `ptmri8g' already exists, duplicates 
ignored


pdfTeX warning: pdflatex (file /home/kiran/.texlive2020/texmf-var/fonts/map/pdf
tex/updmap/pdftex.map): fontmap entry for `ptmri8r' already exists, duplicates 
ignored


pdfTeX warning: pdflatex (file /home/kiran/.texlive2020/texmf-var/fonts/map/pdf
tex/updmap/pdftex.map): fontmap entry for `ptmri8y' already exists, duplicates 
ignored


pdfTeX warning: pdflatex (file /home/kiran/.texlive2020/texmf-var/fonts/map/pdf
tex/updmap/pdftex.map): fontmap entry for `ptmri8z' already exists, duplicates 
ignored


pdfTeX warning: pdflatex (file /home/kiran/.texlive2020/texmf-var/fonts/map/pdf
tex/updmap/pdftex.map): invalid entry for `ptmro8r': SlantFont/ExtendFont can b
e used only with embedded Type1 fonts


pdfTeX warning: pdflatex (file /home/kiran/.texlive2020/texmf-var/fonts/map/pdf
tex/updmap/pdftex.map): invalid entry for `ptmro8y': SlantFont/ExtendFont can b
e used only with embedded Type1 fonts


pdfTeX warning: pdflatex (file /home/kiran/.texlive2020/texmf-var/fonts/map/pdf
tex/updmap/pdftex.map): invalid entry for `ptmrr8re': SlantFont/ExtendFont can 
be used only with embedded Type1 fonts


pdfTeX warning: pdflatex (file /home/kiran/.texlive2020/texmf-var/fonts/map/pdf
tex/updmap/pdftex.map): invalid entry for `ptmrr8ye': SlantFont/ExtendFont can 
be used only with embedded Type1 fonts


pdfTeX warning: pdflatex (file /home/kiran/.texlive2020/texmf-var/fonts/map/pdf
tex/updmap/pdftex.map): fontmap entry for `pzdr' already exists, duplicates ign
ored


pdfTeX warning: pdflatex (file /home/kiran/.texlive2020/texmf-var/fonts/map/pdf
tex/updmap/pdftex.map): fontmap entry for `rpcrb' already exists, duplicates ig
nored


pdfTeX warning: pdflatex (file /home/kiran/.texlive2020/texmf-var/fonts/map/pdf
tex/updmap/pdftex.map): fontmap entry for `rpcrbo' already exists, duplicates i
gnored


pdfTeX warning: pdflatex (file /home/kiran/.texlive2020/texmf-var/fonts/map/pdf
tex/updmap/pdftex.map): fontmap entry for `rpcrr' already exists, duplicates ig
nored


pdfTeX warning: pdflatex (file /home/kiran/.texlive2020/texmf-var/fonts/map/pdf
tex/updmap/pdftex.map): fontmap entry for `rpcrro' already exists, duplicates i
gnored


pdfTeX warning: pdflatex (file /home/kiran/.texlive2020/texmf-var/fonts/map/pdf
tex/updmap/pdftex.map): fontmap entry for `rphvb' already exists, duplicates ig
nored


pdfTeX warning: pdflatex (file /home/kiran/.texlive2020/texmf-var/fonts/map/pdf
tex/updmap/pdftex.map): fontmap entry for `rphvbo' already exists, duplicates i
gnored


pdfTeX warning: pdflatex (file /home/kiran/.texlive2020/texmf-var/fonts/map/pdf
tex/updmap/pdftex.map): invalid entry for `rphvbon': SlantFont/ExtendFont can b
e used only with embedded Type1 fonts


pdfTeX warning: pdflatex (file /home/kiran/.texlive2020/texmf-var/fonts/map/pdf
tex/updmap/pdftex.map): invalid entry for `rphvbrn': SlantFont/ExtendFont can b
e used only with embedded Type1 fonts


pdfTeX warning: pdflatex (file /home/kiran/.texlive2020/texmf-var/fonts/map/pdf
tex/updmap/pdftex.map): fontmap entry for `rphvr' already exists, duplicates ig
nored


pdfTeX warning: pdflatex (file /home/kiran/.texlive2020/texmf-var/fonts/map/pdf
tex/updmap/pdftex.map): fontmap entry for `rphvro' already exists, duplicates i
gnored


pdfTeX warning: pdflatex (file /home/kiran/.texlive2020/texmf-var/fonts/map/pdf
tex/updmap/pdftex.map): invalid entry for `rphvron': SlantFont/ExtendFont can b
e used only with embedded Type1 fonts


pdfTeX warning: pdflatex (file /home/kiran/.texlive2020/texmf-var/fonts/map/pdf
tex/updmap/pdftex.map): invalid entry for `rphvrrn': SlantFont/ExtendFont can b
e used only with embedded Type1 fonts


pdfTeX warning: pdflatex (file /home/kiran/.texlive2020/texmf-var/fonts/map/pdf
tex/updmap/pdftex.map): fontmap entry for `rpsyr' already exists, duplicates ig
nored


pdfTeX warning: pdflatex (file /home/kiran/.texlive2020/texmf-var/fonts/map/pdf
tex/updmap/pdftex.map): invalid entry for `rpsyro': SlantFont/ExtendFont can be
 used only with embedded Type1 fonts


pdfTeX warning: pdflatex (file /home/kiran/.texlive2020/texmf-var/fonts/map/pdf
tex/updmap/pdftex.map): fontmap entry for `rptmb' already exists, duplicates ig
nored


pdfTeX warning: pdflatex (file /home/kiran/.texlive2020/texmf-var/fonts/map/pdf
tex/updmap/pdftex.map): fontmap entry for `rptmbi' already exists, duplicates i
gnored


pdfTeX warning: pdflatex (file /home/kiran/.texlive2020/texmf-var/fonts/map/pdf
tex/updmap/pdftex.map): invalid entry for `rptmbo': SlantFont/ExtendFont can be
 used only with embedded Type1 fonts


pdfTeX warning: pdflatex (file /home/kiran/.texlive2020/texmf-var/fonts/map/pdf
tex/updmap/pdftex.map): fontmap entry for `rptmr' already exists, duplicates ig
nored


pdfTeX warning: pdflatex (file /home/kiran/.texlive2020/texmf-var/fonts/map/pdf
tex/updmap/pdftex.map): fontmap entry for `rptmri' already exists, duplicates i
gnored


pdfTeX warning: pdflatex (file /home/kiran/.texlive2020/texmf-var/fonts/map/pdf
tex/updmap/pdftex.map): invalid entry for `rptmro': SlantFont/ExtendFont can be
 used only with embedded Type1 fonts


pdfTeX warning: pdflatex (file /home/kiran/.texlive2020/texmf-var/fonts/map/pdf
tex/updmap/pdftex.map): invalid entry for `rptmrre': SlantFont/ExtendFont can b
e used only with embedded Type1 fonts


pdfTeX warning: pdflatex (file /home/kiran/.texlive2020/texmf-var/fonts/map/pdf
tex/updmap/pdftex.map): invalid entry for `rptmrrn': SlantFont/ExtendFont can b
e used only with embedded Type1 fonts


pdfTeX warning: pdflatex (file /home/kiran/.texlive2020/texmf-var/fonts/map/pdf
tex/updmap/pdftex.map): fontmap entry for `rpzdr' already exists, duplicates ig
nored


pdfTeX warning: pdflatex (file /home/kiran/.texlive2020/texmf-var/fonts/map/pdf
tex/updmap/pdftex.map): fontmap entry for `rtxphvb' already exists, duplicates 
ignored


pdfTeX warning: pdflatex (file /home/kiran/.texlive2020/texmf-var/fonts/map/pdf
tex/updmap/pdftex.map): invalid entry for `rtxphvbo': SlantFont/ExtendFont can 
be used only with embedded Type1 fonts


pdfTeX warning: pdflatex (file /home/kiran/.texlive2020/texmf-var/fonts/map/pdf
tex/updmap/pdftex.map): fontmap entry for `rtxphvr' already exists, duplicates 
ignored


pdfTeX warning: pdflatex (file /home/kiran/.texlive2020/texmf-var/fonts/map/pdf
tex/updmap/pdftex.map): invalid entry for `rtxphvro': SlantFont/ExtendFont can 
be used only with embedded Type1 fonts


pdfTeX warning: pdflatex (file /home/kiran/.texlive2020/texmf-var/fonts/map/pdf
tex/updmap/pdftex.map): fontmap entry for `rtxptmb' already exists, duplicates 
ignored


pdfTeX warning: pdflatex (file /home/kiran/.texlive2020/texmf-var/fonts/map/pdf
tex/updmap/pdftex.map): fontmap entry for `rtxptmbi' already exists, duplicates
 ignored


pdfTeX warning: pdflatex (file /home/kiran/.texlive2020/texmf-var/fonts/map/pdf
tex/updmap/pdftex.map): invalid entry for `rtxptmbo': SlantFont/ExtendFont can 
be used only with embedded Type1 fonts


pdfTeX warning: pdflatex (file /home/kiran/.texlive2020/texmf-var/fonts/map/pdf
tex/updmap/pdftex.map): fontmap entry for `rtxptmr' already exists, duplicates 
ignored


pdfTeX warning: pdflatex (file /home/kiran/.texlive2020/texmf-var/fonts/map/pdf
tex/updmap/pdftex.map): fontmap entry for `rtxptmri' already exists, duplicates
 ignored


pdfTeX warning: pdflatex (file /home/kiran/.texlive2020/texmf-var/fonts/map/pdf
tex/updmap/pdftex.map): invalid entry for `rtxptmro': SlantFont/ExtendFont can 
be used only with embedded Type1 fonts


pdfTeX warning: pdflatex (file /home/kiran/.texlive2020/texmf-var/fonts/map/pdf
tex/updmap/pdftex.map): fontmap entry for `sy' already exists, duplicates ignor
ed


pdfTeX warning: pdflatex (file /home/kiran/.texlive2020/texmf-var/fonts/map/pdf
tex/updmap/pdftex.map): fontmap entry for `tib' already exists, duplicates igno
red


pdfTeX warning: pdflatex (file /home/kiran/.texlive2020/texmf-var/fonts/map/pdf
tex/updmap/pdftex.map): fontmap entry for `tibi' already exists, duplicates ign
ored


pdfTeX warning: pdflatex (file /home/kiran/.texlive2020/texmf-var/fonts/map/pdf
tex/updmap/pdftex.map): invalid entry for `tibo': SlantFont/ExtendFont can be u
sed only with embedded Type1 fonts


pdfTeX warning: pdflatex (file /home/kiran/.texlive2020/texmf-var/fonts/map/pdf
tex/updmap/pdftex.map): fontmap entry for `tii' already exists, duplicates igno
red


pdfTeX warning: pdflatex (file /home/kiran/.texlive2020/texmf-var/fonts/map/pdf
tex/updmap/pdftex.map): invalid entry for `tio': SlantFont/ExtendFont can be us
ed only with embedded Type1 fonts


pdfTeX warning: pdflatex (file /home/kiran/.texlive2020/texmf-var/fonts/map/pdf
tex/updmap/pdftex.map): fontmap entry for `tir' already exists, duplicates igno
red


pdfTeX warning: pdflatex (file /home/kiran/.texlive2020/texmf-var/fonts/map/pdf
tex/updmap/pdftex.map): fontmap entry for `tmbi108r' already exists, duplicates
 ignored


pdfTeX warning: pdflatex (file /home/kiran/.texlive2020/texmf-var/fonts/map/pdf
tex/updmap/pdftex.map): invalid entry for `tmbo108r': SlantFont/ExtendFont can 
be used only with embedded Type1 fonts


pdfTeX warning: pdflatex (file /home/kiran/.texlive2020/texmf-var/fonts/map/pdf
tex/updmap/pdftex.map): invalid entry for `tmbu108r': SlantFont/ExtendFont can 
be used only with embedded Type1 fonts


pdfTeX warning: pdflatex (file /home/kiran/.texlive2020/texmf-var/fonts/map/pdf
tex/updmap/pdftex.map): fontmap entry for `tmrb108r' already exists, duplicates
 ignored


pdfTeX warning: pdflatex (file /home/kiran/.texlive2020/texmf-var/fonts/map/pdf
tex/updmap/pdftex.map): fontmap entry for `tmri108r' already exists, duplicates
 ignored


pdfTeX warning: pdflatex (file /home/kiran/.texlive2020/texmf-var/fonts/map/pdf
tex/updmap/pdftex.map): fontmap entry for `tmrm108r' already exists, duplicates
 ignored


pdfTeX warning: pdflatex (file /home/kiran/.texlive2020/texmf-var/fonts/map/pdf
tex/updmap/pdftex.map): invalid entry for `tmro108r': SlantFont/ExtendFont can 
be used only with embedded Type1 fonts


pdfTeX warning: pdflatex (file /home/kiran/.texlive2020/texmf-var/fonts/map/pdf
tex/updmap/pdftex.map): invalid entry for `tmui108r': SlantFont/ExtendFont can 
be used only with embedded Type1 fonts


pdfTeX warning: pdflatex (file /home/kiran/.texlive2020/texmf-var/fonts/map/pdf
tex/updmap/pdftex.map): fontmap entry for `zd' already exists, duplicates ignor
ed
}]
Overfull \hbox (78.02554pt too wide) in paragraph at lines 119--119
[]\T1/lmtt/m/n/10.95 da/dt =                                       n(u) + g(u,a
) $\OMS/lmsy/m/n/10.95 ^^@$ \T1/lmtt/m/n/10.95 v_dis(a, C_f) $\OMS/lmsy/m/n/10.
95 ^^@$ \T1/lmtt/m/n/10.95 v_degA(a, D_f)[] 
 []

[2] [3]
<../figures/fig1.pdf, id=69, 493.39542pt x 217.21574pt>
File: ../figures/fig1.pdf Graphic file (type pdf)
<use ../figures/fig1.pdf>
Package pdftex.def Info: ../figures/fig1.pdf  used on input line 208.
(pdftex.def)             Requested size: 455.24411pt x 200.42424pt.
LaTeX Font Info:    External font `lmex10' loaded for size
(Font)              <10> on input line 209.
LaTeX Font Info:    External font `lmex10' loaded for size
(Font)              <7> on input line 209.
LaTeX Font Info:    External font `lmex10' loaded for size
(Font)              <5> on input line 209.
 [4] [5 </storage/kiran-stuff/proteostasis_law/proteostasis-law-theory/manuscri
pt/../figures/fig1.pdf>] [6] [7]
Overfull \hbox (75.5937pt too wide) in paragraph at lines 285--285
[]\T1/lmtt/m/n/10.95 j_crit = C_enz $\OMS/lmsy/m/n/10.95 ^^A$ $\OML/lmm/m/it/10
.95 '$\T1/lmtt/m/n/10.95 _enz /(1 $\OMS/lmsy/m/n/10.95 ^^@$ $\OML/lmm/m/it/10.9
5 ^^N$\T1/lmtt/m/n/10.95 ),     $\OML/lmm/m/it/10.95 '$\T1/lmtt/m/n/10.95 _enz 
= R_enz(u*,a*)/C_enz,     $\OML/lmm/m/it/10.95 ^^N$ \T1/lmtt/m/n/10.95 = R_dil(
u*,a*)/j_crit[] 
 []

<../figures/fig2.pdf, id=110, 232.99225pt x 156.94322pt>
File: ../figures/fig2.pdf Graphic file (type pdf)
<use ../figures/fig2.pdf>
Package pdftex.def Info: ../figures/fig2.pdf  used on input line 293.
(pdftex.def)             Requested size: 455.24411pt x 306.67982pt.
[8] [9 </storage/kiran-stuff/proteostasis_law/proteostasis-law-theory/manuscrip
t/../figures/fig2.pdf>] [10]

! LaTeX Error: No counter 'none' defined.

See the LaTeX manual or LaTeX Companion for explanation.
Type  H <return>  for immediate help.
 ...                                              
                                                  
l.338 ...width - 8\tabcolsep) * \real{0.2000}}@{}}
                                                   
Here is how much of TeX's memory you used:
 14196 strings out of 480962
 217918 string characters out of 5908665
 569550 words of memory out of 5000000
 30924 multiletter control sequences out of 15000+600000
 468517 words of font info for 188 fonts, out of 8000000 for 9000
 14 hyphenation exceptions out of 8191
 71i,7n,117p,2174b,470s stack positions out of 5000i,500n,10000p,200000b,80000s

!  ==> Fatal error occurred, no output PDF file produced!
